QQQQQQQQQQQQQQQQQQQ
